Archive member included because of file (symbol)

C:\Documents and Settings\amackie\My Documents\lpcxpresso_3.4\kwartzspace1\LPC13xx_Lib\Debug\libLPC13xx_Lib.a(gpio.o)
                              ./src/blinky.o (GPIOInit)
C:\Documents and Settings\amackie\My Documents\lpcxpresso_3.4\kwartzspace1\LPC13xx_Lib\Debug\libLPC13xx_Lib.a(timer16.o)
                              ./src/blinky.o (enable_timer16)
C:\Documents and Settings\amackie\My Documents\lpcxpresso_3.4\kwartzspace1\CMSISv1p30_LPC13xx\Debug\libCMSISv1p30_LPC13xx.a(system_LPC13xx.o)
                              ./src/blinky.o (SystemCoreClock)
c:/nxp/lpcxpresso_3.4/tools/bin/../lib/gcc/arm-none-eabi/4.3.3/../../../../arm-none-eabi/lib/thumb2\libcr_c.a(__weak__main.o)
                              ./src/cr_startup_lpc13.o (__main)
c:/nxp/lpcxpresso_3.4/tools/bin/../lib/gcc/arm-none-eabi/4.3.3/../../../../arm-none-eabi/lib/thumb2\libcr_c.a(ctype.o)
                              c:/nxp/lpcxpresso_3.4/tools/bin/../lib/gcc/arm-none-eabi/4.3.3/../../../../arm-none-eabi/lib/thumb2\libcr_c.a(__weak__main.o) (_ctype_init)
c:/nxp/lpcxpresso_3.4/tools/bin/../lib/gcc/arm-none-eabi/4.3.3/../../../../arm-none-eabi/lib/thumb2\libcr_c.a(__init_alloc.o)
                              c:/nxp/lpcxpresso_3.4/tools/bin/../lib/gcc/arm-none-eabi/4.3.3/../../../../arm-none-eabi/lib/thumb2\libcr_c.a(__weak__main.o) (_init_alloc)

Allocating common symbols
Common symbol       size              file

__heaps             0x4               c:/nxp/lpcxpresso_3.4/tools/bin/../lib/gcc/arm-none-eabi/4.3.3/../../../../arm-none-eabi/lib/thumb2\libcr_c.a(__init_alloc.o)
__end_of_heap       0x4               c:/nxp/lpcxpresso_3.4/tools/bin/../lib/gcc/arm-none-eabi/4.3.3/../../../../arm-none-eabi/lib/thumb2\libcr_c.a(__init_alloc.o)

Discarded input sections

 .text          0x00000000        0x0 ./src/blinky.o
 .data          0x00000000        0x0 ./src/blinky.o
 .bss           0x00000000        0x0 ./src/blinky.o
 .text          0x00000000        0x0 ./src/cr_startup_lpc13.o
 .data          0x00000000        0x0 ./src/cr_startup_lpc13.o
 .bss           0x00000000        0x0 ./src/cr_startup_lpc13.o
 .text          0x00000000        0x0 ./src/timer16_int.o
 .data          0x00000000        0x0 ./src/timer16_int.o
 .text          0x00000000        0x0 C:\Documents and Settings\amackie\My Documents\lpcxpresso_3.4\kwartzspace1\LPC13xx_Lib\Debug\libLPC13xx_Lib.a(gpio.o)
 .data          0x00000000        0x0 C:\Documents and Settings\amackie\My Documents\lpcxpresso_3.4\kwartzspace1\LPC13xx_Lib\Debug\libLPC13xx_Lib.a(gpio.o)
 .bss           0x00000000        0x0 C:\Documents and Settings\amackie\My Documents\lpcxpresso_3.4\kwartzspace1\LPC13xx_Lib\Debug\libLPC13xx_Lib.a(gpio.o)
 .text.GPIOSetInterrupt
                0x00000000        0x0 C:\Documents and Settings\amackie\My Documents\lpcxpresso_3.4\kwartzspace1\LPC13xx_Lib\Debug\libLPC13xx_Lib.a(gpio.o)
 .text.GPIOIntEnable
                0x00000000        0x0 C:\Documents and Settings\amackie\My Documents\lpcxpresso_3.4\kwartzspace1\LPC13xx_Lib\Debug\libLPC13xx_Lib.a(gpio.o)
 .text.GPIOIntDisable
                0x00000000        0x0 C:\Documents and Settings\amackie\My Documents\lpcxpresso_3.4\kwartzspace1\LPC13xx_Lib\Debug\libLPC13xx_Lib.a(gpio.o)
 .text.GPIOIntStatus
                0x00000000        0x0 C:\Documents and Settings\amackie\My Documents\lpcxpresso_3.4\kwartzspace1\LPC13xx_Lib\Debug\libLPC13xx_Lib.a(gpio.o)
 .text.GPIOIntClear
                0x00000000        0x0 C:\Documents and Settings\amackie\My Documents\lpcxpresso_3.4\kwartzspace1\LPC13xx_Lib\Debug\libLPC13xx_Lib.a(gpio.o)
 .text          0x00000000        0x0 C:\Documents and Settings\amackie\My Documents\lpcxpresso_3.4\kwartzspace1\LPC13xx_Lib\Debug\libLPC13xx_Lib.a(timer16.o)
 .data          0x00000000        0x0 C:\Documents and Settings\amackie\My Documents\lpcxpresso_3.4\kwartzspace1\LPC13xx_Lib\Debug\libLPC13xx_Lib.a(timer16.o)
 .bss           0x00000000        0x0 C:\Documents and Settings\amackie\My Documents\lpcxpresso_3.4\kwartzspace1\LPC13xx_Lib\Debug\libLPC13xx_Lib.a(timer16.o)
 .text.delay_microseconds
                0x00000000        0x0 C:\Documents and Settings\amackie\My Documents\lpcxpresso_3.4\kwartzspace1\LPC13xx_Lib\Debug\libLPC13xx_Lib.a(timer16.o)
 .text.disable_timer16
                0x00000000        0x0 C:\Documents and Settings\amackie\My Documents\lpcxpresso_3.4\kwartzspace1\LPC13xx_Lib\Debug\libLPC13xx_Lib.a(timer16.o)
 .text.reset_timer16
                0x00000000        0x0 C:\Documents and Settings\amackie\My Documents\lpcxpresso_3.4\kwartzspace1\LPC13xx_Lib\Debug\libLPC13xx_Lib.a(timer16.o)
 .text          0x00000000        0x0 C:\Documents and Settings\amackie\My Documents\lpcxpresso_3.4\kwartzspace1\CMSISv1p30_LPC13xx\Debug\libCMSISv1p30_LPC13xx.a(system_LPC13xx.o)
 .bss           0x00000000        0x0 C:\Documents and Settings\amackie\My Documents\lpcxpresso_3.4\kwartzspace1\CMSISv1p30_LPC13xx\Debug\libCMSISv1p30_LPC13xx.a(system_LPC13xx.o)
 .text.SystemCoreClockUpdate
                0x00000000        0x0 C:\Documents and Settings\amackie\My Documents\lpcxpresso_3.4\kwartzspace1\CMSISv1p30_LPC13xx\Debug\libCMSISv1p30_LPC13xx.a(system_LPC13xx.o)
 .text          0x00000000        0x0 c:/nxp/lpcxpresso_3.4/tools/bin/../lib/gcc/arm-none-eabi/4.3.3/../../../../arm-none-eabi/lib/thumb2\libcr_c.a(__weak__main.o)
 .data          0x00000000        0x0 c:/nxp/lpcxpresso_3.4/tools/bin/../lib/gcc/arm-none-eabi/4.3.3/../../../../arm-none-eabi/lib/thumb2\libcr_c.a(__weak__main.o)
 .bss           0x00000000        0x0 c:/nxp/lpcxpresso_3.4/tools/bin/../lib/gcc/arm-none-eabi/4.3.3/../../../../arm-none-eabi/lib/thumb2\libcr_c.a(__weak__main.o)
 .bss           0x00000000        0x0 c:/nxp/lpcxpresso_3.4/tools/bin/../lib/gcc/arm-none-eabi/4.3.3/../../../../arm-none-eabi/lib/thumb2\libcr_c.a(ctype.o)
 .text          0x00000000        0x0 c:/nxp/lpcxpresso_3.4/tools/bin/../lib/gcc/arm-none-eabi/4.3.3/../../../../arm-none-eabi/lib/thumb2\libcr_c.a(__init_alloc.o)
 .data          0x00000000        0x0 c:/nxp/lpcxpresso_3.4/tools/bin/../lib/gcc/arm-none-eabi/4.3.3/../../../../arm-none-eabi/lib/thumb2\libcr_c.a(__init_alloc.o)
 .bss           0x00000000        0x0 c:/nxp/lpcxpresso_3.4/tools/bin/../lib/gcc/arm-none-eabi/4.3.3/../../../../arm-none-eabi/lib/thumb2\libcr_c.a(__init_alloc.o)
 .text._start_module__init_alloc
                0x00000000        0x0 c:/nxp/lpcxpresso_3.4/tools/bin/../lib/gcc/arm-none-eabi/4.3.3/../../../../arm-none-eabi/lib/thumb2\libcr_c.a(__init_alloc.o)
 .text._end_module__init_alloc
                0x00000000        0x0 c:/nxp/lpcxpresso_3.4/tools/bin/../lib/gcc/arm-none-eabi/4.3.3/../../../../arm-none-eabi/lib/thumb2\libcr_c.a(__init_alloc.o)

Memory Configuration

Name             Origin             Length             Attributes
MFlash32         0x00000000         0x00008000         xr
RamLoc8          0x10000000         0x00002000         xrw
*default*        0x00000000         0xffffffff

Linker script and memory map

LOAD ./src/blinky.o
LOAD ./src/cr_startup_lpc13.o
LOAD ./src/timer16_int.o
LOAD C:\Documents and Settings\amackie\My Documents\lpcxpresso_3.4\kwartzspace1\LPC13xx_Lib\Debug\libLPC13xx_Lib.a
LOAD C:\Documents and Settings\amackie\My Documents\lpcxpresso_3.4\kwartzspace1\CMSISv1p30_LPC13xx\Debug\libCMSISv1p30_LPC13xx.a
START GROUP
LOAD c:/nxp/lpcxpresso_3.4/tools/bin/../lib/gcc/arm-none-eabi/4.3.3/../../../../arm-none-eabi/lib/thumb2\libcr_c.a
LOAD c:/nxp/lpcxpresso_3.4/tools/bin/../lib/gcc/arm-none-eabi/4.3.3/thumb2\libcr_eabihelpers.a
END GROUP
                0x00008000                __top_MFlash32 = 0x8000
                0x10002000                __top_RamLoc8 = 0x10002000

.text           0x00000000      0xbc4
 *(.isr_vector)
 .isr_vector    0x00000000      0x124 ./src/cr_startup_lpc13.o
                0x00000000                g_pfnVectors
 *(.text*)
 .text.main     0x00000124       0xe0 ./src/blinky.o
                0x00000124                main
 .text.ResetISR
                0x00000204       0x68 ./src/cr_startup_lpc13.o
                0x00000204                ResetISR
 .text.NMI_Handler
                0x0000026c        0x8 ./src/cr_startup_lpc13.o
                0x0000026c                NMI_Handler
 .text.HardFault_Handler
                0x00000274        0x8 ./src/cr_startup_lpc13.o
                0x00000274                HardFault_Handler
 .text.MemManage_Handler
                0x0000027c        0x8 ./src/cr_startup_lpc13.o
                0x0000027c                MemManage_Handler
 .text.BusFault_Handler
                0x00000284        0x8 ./src/cr_startup_lpc13.o
                0x00000284                BusFault_Handler
 .text.UsageFault_Handler
                0x0000028c        0x8 ./src/cr_startup_lpc13.o
                0x0000028c                UsageFault_Handler
 .text.SVCall_Handler
                0x00000294        0x8 ./src/cr_startup_lpc13.o
                0x00000294                SVCall_Handler
 .text.DebugMon_Handler
                0x0000029c        0x8 ./src/cr_startup_lpc13.o
                0x0000029c                DebugMon_Handler
 .text.PendSV_Handler
                0x000002a4        0x8 ./src/cr_startup_lpc13.o
                0x000002a4                PendSV_Handler
 .text.SysTick_Handler
                0x000002ac        0x8 ./src/cr_startup_lpc13.o
                0x000002ac                SysTick_Handler
 .text.IntDefaultHandler
                0x000002b4        0x8 ./src/cr_startup_lpc13.o
                0x000002b4                UART_IRQHandler
                0x000002b4                TIMER32_0_IRQHandler
                0x000002b4                TIMER32_1_IRQHandler
                0x000002b4                IntDefaultHandler
                0x000002b4                PIOINT1_IRQHandler
                0x000002b4                SSP_IRQHandler
                0x000002b4                USB_FIQHandler
                0x000002b4                ADC_IRQHandler
                0x000002b4                PIOINT2_IRQHandler
                0x000002b4                USB_IRQHandler
                0x000002b4                BOD_IRQHandler
                0x000002b4                WAKEUP_IRQHandler
                0x000002b4                PIOINT0_IRQHandler
                0x000002b4                I2C_IRQHandler
                0x000002b4                WDT_IRQHandler
                0x000002b4                PIOINT3_IRQHandler
                0x000002b4                FMC_IRQHandler
 .text.TIMER16_0_IRQHandler
                0x000002bc       0x30 ./src/timer16_int.o
                0x000002bc                TIMER16_0_IRQHandler
 .text.TIMER16_1_IRQHandler
                0x000002ec       0x30 ./src/timer16_int.o
                0x000002ec                TIMER16_1_IRQHandler
 .text.GPIOInit
                0x0000031c       0x38 C:\Documents and Settings\amackie\My Documents\lpcxpresso_3.4\kwartzspace1\LPC13xx_Lib\Debug\libLPC13xx_Lib.a(gpio.o)
                0x0000031c                GPIOInit
 .text.GPIOSetDir
                0x00000354      0x160 C:\Documents and Settings\amackie\My Documents\lpcxpresso_3.4\kwartzspace1\LPC13xx_Lib\Debug\libLPC13xx_Lib.a(gpio.o)
                0x00000354                GPIOSetDir
 .text.GPIOSetValue
                0x000004b4       0x74 C:\Documents and Settings\amackie\My Documents\lpcxpresso_3.4\kwartzspace1\LPC13xx_Lib\Debug\libLPC13xx_Lib.a(gpio.o)
                0x000004b4                GPIOSetValue
 .text.enable_timer16
                0x00000528       0x24 C:\Documents and Settings\amackie\My Documents\lpcxpresso_3.4\kwartzspace1\LPC13xx_Lib\Debug\libLPC13xx_Lib.a(timer16.o)
                0x00000528                enable_timer16
 .text.init_timer16
                0x0000054c       0xe0 C:\Documents and Settings\amackie\My Documents\lpcxpresso_3.4\kwartzspace1\LPC13xx_Lib\Debug\libLPC13xx_Lib.a(timer16.o)
                0x0000054c                init_timer16
 .text.SystemInit
                0x0000062c      0x1f8 C:\Documents and Settings\amackie\My Documents\lpcxpresso_3.4\kwartzspace1\CMSISv1p30_LPC13xx\Debug\libCMSISv1p30_LPC13xx.a(system_LPC13xx.o)
                0x0000062c                SystemInit
 .text.__NOP    0x00000824        0xc C:\Documents and Settings\amackie\My Documents\lpcxpresso_3.4\kwartzspace1\CMSISv1p30_LPC13xx\Debug\libCMSISv1p30_LPC13xx.a(system_LPC13xx.o)
 .text.__weak_main
                0x00000830       0x10 c:/nxp/lpcxpresso_3.4/tools/bin/../lib/gcc/arm-none-eabi/4.3.3/../../../../arm-none-eabi/lib/thumb2\libcr_c.a(__weak__main.o)
                0x00000830                __main
                0x00000830                __weak_main
 .text          0x00000840      0x36c c:/nxp/lpcxpresso_3.4/tools/bin/../lib/gcc/arm-none-eabi/4.3.3/../../../../arm-none-eabi/lib/thumb2\libcr_c.a(ctype.o)
                0x00000840                _start_module_ctype
                0x00000914                islower
                0x00000a04                tolower
                0x00000964                ispunct
                0x0000098c                isspace
                0x00000ba0                _end_module_ctype
                0x000009dc                isxdigit
                0x00000b1c                _ctype_init
                0x000009b4                isupper
                0x00000874                isalpha
                0x000008ec                isgraph
                0x0000084c                isalnum
                0x0000093c                isprint
                0x00000a7c                _set_ctype_8859
                0x000008c4                isdigit
                0x0000089c                iscntrl
                0x00000a40                toupper
 .text._init_alloc
                0x00000bac       0x18 c:/nxp/lpcxpresso_3.4/tools/bin/../lib/gcc/arm-none-eabi/4.3.3/../../../../arm-none-eabi/lib/thumb2\libcr_c.a(__init_alloc.o)
                0x00000bac                _init_alloc
 *(.rodata*)

.glue_7         0x00000bc4        0x0
 .glue_7        0x00000000        0x0 linker stubs

.glue_7t        0x00000bc4        0x0
 .glue_7t       0x00000000        0x0 linker stubs

.vfp11_veneer   0x00000bc4        0x0
 .vfp11_veneer  0x00000000        0x0 linker stubs

.v4_bx          0x00000bc4        0x0
 .v4_bx         0x00000000        0x0 linker stubs

.ARM.extab
 *(.ARM.extab* .gnu.linkonce.armextab.*)
                0x00000bc4                __exidx_start = .

.ARM.exidx
 *(.ARM.exidx* .gnu.linkonce.armexidx.*)
                0x00000bc4                __exidx_end = .
                0x00000bc4                _etext = .

.data           0x10000000      0x208 load address 0x00000bc4
                0x10000000                _data = .
 *(vtable)
 *(.data*)
 .data          0x10000000        0x4 C:\Documents and Settings\amackie\My Documents\lpcxpresso_3.4\kwartzspace1\CMSISv1p30_LPC13xx\Debug\libCMSISv1p30_LPC13xx.a(system_LPC13xx.o)
                0x10000000                SystemCoreClock
 .data          0x10000004      0x204 c:/nxp/lpcxpresso_3.4/tools/bin/../lib/gcc/arm-none-eabi/4.3.3/../../../../arm-none-eabi/lib/thumb2\libcr_c.a(ctype.o)
                0x10000004                __ctype
                0x10000208                _edata = .

.bss            0x10000208       0x10 load address 0x00000dcc
                0x10000208                _bss = .
 *(.bss*)
 .bss           0x10000208        0x8 ./src/timer16_int.o
                0x10000208                timer16_0_counter
                0x1000020c                timer16_1_counter
 *(COMMON)
 COMMON         0x10000210        0x8 c:/nxp/lpcxpresso_3.4/tools/bin/../lib/gcc/arm-none-eabi/4.3.3/../../../../arm-none-eabi/lib/thumb2\libcr_c.a(__init_alloc.o)
                0x10000210                __heaps
                0x10000214                __end_of_heap
                0x10000218                _ebss = .

.cr_heap        0x10000218        0x0 load address 0x00000dcc
                0x10000218                end = .
                0x10000218                _pvHeapStart = .
                0x10002000                _vRamTop = __top_RamLoc8
                0x10002000                _vStackTop = (_vRamTop - 0x0)
OUTPUT(LPCXpresso1343_blinky.axf elf32-littlearm)

.debug_abbrev   0x00000000      0x6e1
 .debug_abbrev  0x00000000       0xb9 ./src/blinky.o
 .debug_abbrev  0x000000b9       0xbd ./src/cr_startup_lpc13.o
 .debug_abbrev  0x00000176       0xc6 ./src/timer16_int.o
 .debug_abbrev  0x0000023c      0x22a C:\Documents and Settings\amackie\My Documents\lpcxpresso_3.4\kwartzspace1\LPC13xx_Lib\Debug\libLPC13xx_Lib.a(gpio.o)
 .debug_abbrev  0x00000466      0x193 C:\Documents and Settings\amackie\My Documents\lpcxpresso_3.4\kwartzspace1\LPC13xx_Lib\Debug\libLPC13xx_Lib.a(timer16.o)
 .debug_abbrev  0x000005f9       0xe8 C:\Documents and Settings\amackie\My Documents\lpcxpresso_3.4\kwartzspace1\CMSISv1p30_LPC13xx\Debug\libCMSISv1p30_LPC13xx.a(system_LPC13xx.o)

.debug_info     0x00000000     0x2602
 .debug_info    0x00000000      0x507 ./src/blinky.o
 .debug_info    0x00000507      0x1ec ./src/cr_startup_lpc13.o
 .debug_info    0x000006f3      0x212 ./src/timer16_int.o
 .debug_info    0x00000905      0xb2e C:\Documents and Settings\amackie\My Documents\lpcxpresso_3.4\kwartzspace1\LPC13xx_Lib\Debug\libLPC13xx_Lib.a(gpio.o)
 .debug_info    0x00001433      0xc82 C:\Documents and Settings\amackie\My Documents\lpcxpresso_3.4\kwartzspace1\LPC13xx_Lib\Debug\libLPC13xx_Lib.a(timer16.o)
 .debug_info    0x000020b5      0x54d C:\Documents and Settings\amackie\My Documents\lpcxpresso_3.4\kwartzspace1\CMSISv1p30_LPC13xx\Debug\libCMSISv1p30_LPC13xx.a(system_LPC13xx.o)

.debug_line     0x00000000     0x1509
 .debug_line    0x00000000      0x355 ./src/blinky.o
 .debug_line    0x00000355      0x36a ./src/cr_startup_lpc13.o
 .debug_line    0x000006bf      0x349 ./src/timer16_int.o
 .debug_line    0x00000a08      0x400 C:\Documents and Settings\amackie\My Documents\lpcxpresso_3.4\kwartzspace1\LPC13xx_Lib\Debug\libLPC13xx_Lib.a(gpio.o)
 .debug_line    0x00000e08      0x3bf C:\Documents and Settings\amackie\My Documents\lpcxpresso_3.4\kwartzspace1\LPC13xx_Lib\Debug\libLPC13xx_Lib.a(timer16.o)
 .debug_line    0x000011c7      0x342 C:\Documents and Settings\amackie\My Documents\lpcxpresso_3.4\kwartzspace1\CMSISv1p30_LPC13xx\Debug\libCMSISv1p30_LPC13xx.a(system_LPC13xx.o)

.debug_macinfo  0x00000000    0x2066c
 .debug_macinfo
                0x00000000     0x6032 ./src/blinky.o
 .debug_macinfo
                0x00006032     0x2694 ./src/cr_startup_lpc13.o
 .debug_macinfo
                0x000086c6     0x5f06 ./src/timer16_int.o
 .debug_macinfo
                0x0000e5cc     0x5f2a C:\Documents and Settings\amackie\My Documents\lpcxpresso_3.4\kwartzspace1\LPC13xx_Lib\Debug\libLPC13xx_Lib.a(gpio.o)
 .debug_macinfo
                0x000144f6     0x5f05 C:\Documents and Settings\amackie\My Documents\lpcxpresso_3.4\kwartzspace1\LPC13xx_Lib\Debug\libLPC13xx_Lib.a(timer16.o)
 .debug_macinfo
                0x0001a3fb     0x6271 C:\Documents and Settings\amackie\My Documents\lpcxpresso_3.4\kwartzspace1\CMSISv1p30_LPC13xx\Debug\libCMSISv1p30_LPC13xx.a(system_LPC13xx.o)

.debug_frame    0x00000000      0x2f0
 .debug_frame   0x00000000       0x2c ./src/blinky.o
 .debug_frame   0x0000002c      0x120 ./src/cr_startup_lpc13.o
 .debug_frame   0x0000014c       0x40 ./src/timer16_int.o
 .debug_frame   0x0000018c       0xa0 C:\Documents and Settings\amackie\My Documents\lpcxpresso_3.4\kwartzspace1\LPC13xx_Lib\Debug\libLPC13xx_Lib.a(gpio.o)
 .debug_frame   0x0000022c       0x60 C:\Documents and Settings\amackie\My Documents\lpcxpresso_3.4\kwartzspace1\LPC13xx_Lib\Debug\libLPC13xx_Lib.a(timer16.o)
 .debug_frame   0x0000028c       0x64 C:\Documents and Settings\amackie\My Documents\lpcxpresso_3.4\kwartzspace1\CMSISv1p30_LPC13xx\Debug\libCMSISv1p30_LPC13xx.a(system_LPC13xx.o)

.debug_loc      0x00000000      0x6ee
 .debug_loc     0x00000000       0x2b ./src/blinky.o
 .debug_loc     0x0000002b      0x1e5 ./src/cr_startup_lpc13.o
 .debug_loc     0x00000210       0x56 ./src/timer16_int.o
 .debug_loc     0x00000266      0x38a C:\Documents and Settings\amackie\My Documents\lpcxpresso_3.4\kwartzspace1\LPC13xx_Lib\Debug\libLPC13xx_Lib.a(gpio.o)
 .debug_loc     0x000005f0       0x65 C:\Documents and Settings\amackie\My Documents\lpcxpresso_3.4\kwartzspace1\LPC13xx_Lib\Debug\libLPC13xx_Lib.a(timer16.o)
 .debug_loc     0x00000655       0x99 C:\Documents and Settings\amackie\My Documents\lpcxpresso_3.4\kwartzspace1\CMSISv1p30_LPC13xx\Debug\libCMSISv1p30_LPC13xx.a(system_LPC13xx.o)

.debug_pubnames
                0x00000000      0x2e6
 .debug_pubnames
                0x00000000       0x1b ./src/blinky.o
 .debug_pubnames
                0x0000001b       0xfd ./src/cr_startup_lpc13.o
 .debug_pubnames
                0x00000118       0x70 ./src/timer16_int.o
 .debug_pubnames
                0x00000188       0x9c C:\Documents and Settings\amackie\My Documents\lpcxpresso_3.4\kwartzspace1\LPC13xx_Lib\Debug\libLPC13xx_Lib.a(gpio.o)
 .debug_pubnames
                0x00000224       0x73 C:\Documents and Settings\amackie\My Documents\lpcxpresso_3.4\kwartzspace1\LPC13xx_Lib\Debug\libLPC13xx_Lib.a(timer16.o)
 .debug_pubnames
                0x00000297       0x4f C:\Documents and Settings\amackie\My Documents\lpcxpresso_3.4\kwartzspace1\CMSISv1p30_LPC13xx\Debug\libCMSISv1p30_LPC13xx.a(system_LPC13xx.o)

.debug_aranges  0x00000000      0x180
 .debug_aranges
                0x00000000       0x20 ./src/blinky.o
 .debug_aranges
                0x00000020       0x70 ./src/cr_startup_lpc13.o
 .debug_aranges
                0x00000090       0x28 ./src/timer16_int.o
 .debug_aranges
                0x000000b8       0x58 C:\Documents and Settings\amackie\My Documents\lpcxpresso_3.4\kwartzspace1\LPC13xx_Lib\Debug\libLPC13xx_Lib.a(gpio.o)
 .debug_aranges
                0x00000110       0x40 C:\Documents and Settings\amackie\My Documents\lpcxpresso_3.4\kwartzspace1\LPC13xx_Lib\Debug\libLPC13xx_Lib.a(timer16.o)
 .debug_aranges
                0x00000150       0x30 C:\Documents and Settings\amackie\My Documents\lpcxpresso_3.4\kwartzspace1\CMSISv1p30_LPC13xx\Debug\libCMSISv1p30_LPC13xx.a(system_LPC13xx.o)

.debug_ranges   0x00000000      0x150
 .debug_ranges  0x00000000       0x18 ./src/blinky.o
 .debug_ranges  0x00000018       0x68 ./src/cr_startup_lpc13.o
 .debug_ranges  0x00000080       0x20 ./src/timer16_int.o
 .debug_ranges  0x000000a0       0x50 C:\Documents and Settings\amackie\My Documents\lpcxpresso_3.4\kwartzspace1\LPC13xx_Lib\Debug\libLPC13xx_Lib.a(gpio.o)
 .debug_ranges  0x000000f0       0x38 C:\Documents and Settings\amackie\My Documents\lpcxpresso_3.4\kwartzspace1\LPC13xx_Lib\Debug\libLPC13xx_Lib.a(timer16.o)
 .debug_ranges  0x00000128       0x28 C:\Documents and Settings\amackie\My Documents\lpcxpresso_3.4\kwartzspace1\CMSISv1p30_LPC13xx\Debug\libCMSISv1p30_LPC13xx.a(system_LPC13xx.o)

.debug_str      0x00000000      0xc71
 .debug_str     0x00000000      0x3c5 ./src/blinky.o
                                0x3e7 (size before relaxing)
 .debug_str     0x000003c5       0xf8 ./src/cr_startup_lpc13.o
                                0x1f6 (size before relaxing)
 .debug_str     0x000004bd       0x5b ./src/timer16_int.o
                                0x183 (size before relaxing)
 .debug_str     0x00000518      0x4bb C:\Documents and Settings\amackie\My Documents\lpcxpresso_3.4\kwartzspace1\LPC13xx_Lib\Debug\libLPC13xx_Lib.a(gpio.o)
                                0x809 (size before relaxing)
 .debug_str     0x000009d3      0x1f3 C:\Documents and Settings\amackie\My Documents\lpcxpresso_3.4\kwartzspace1\LPC13xx_Lib\Debug\libLPC13xx_Lib.a(timer16.o)
                                0x961 (size before relaxing)
 .debug_str     0x00000bc6       0xab C:\Documents and Settings\amackie\My Documents\lpcxpresso_3.4\kwartzspace1\CMSISv1p30_LPC13xx\Debug\libCMSISv1p30_LPC13xx.a(system_LPC13xx.o)
                                0x404 (size before relaxing)

.comment        0x00000000      0x183
 .comment       0x00000000       0x2b ./src/blinky.o
 .comment       0x0000002b       0x2b ./src/cr_startup_lpc13.o
 .comment       0x00000056       0x2b ./src/timer16_int.o
 .comment       0x00000081       0x2b C:\Documents and Settings\amackie\My Documents\lpcxpresso_3.4\kwartzspace1\LPC13xx_Lib\Debug\libLPC13xx_Lib.a(gpio.o)
 .comment       0x000000ac       0x2b C:\Documents and Settings\amackie\My Documents\lpcxpresso_3.4\kwartzspace1\LPC13xx_Lib\Debug\libLPC13xx_Lib.a(timer16.o)
 .comment       0x000000d7       0x2b C:\Documents and Settings\amackie\My Documents\lpcxpresso_3.4\kwartzspace1\CMSISv1p30_LPC13xx\Debug\libCMSISv1p30_LPC13xx.a(system_LPC13xx.o)
 .comment       0x00000102       0x2b c:/nxp/lpcxpresso_3.4/tools/bin/../lib/gcc/arm-none-eabi/4.3.3/../../../../arm-none-eabi/lib/thumb2\libcr_c.a(__weak__main.o)
 .comment       0x0000012d       0x2b c:/nxp/lpcxpresso_3.4/tools/bin/../lib/gcc/arm-none-eabi/4.3.3/../../../../arm-none-eabi/lib/thumb2\libcr_c.a(ctype.o)
 .comment       0x00000158       0x2b c:/nxp/lpcxpresso_3.4/tools/bin/../lib/gcc/arm-none-eabi/4.3.3/../../../../arm-none-eabi/lib/thumb2\libcr_c.a(__init_alloc.o)

.ARM.attributes
                0x00000000       0x31
 .ARM.attributes
                0x00000000       0x31 ./src/blinky.o
 .ARM.attributes
                0x00000031       0x31 ./src/cr_startup_lpc13.o
 .ARM.attributes
                0x00000062       0x31 ./src/timer16_int.o
 .ARM.attributes
                0x00000093       0x31 C:\Documents and Settings\amackie\My Documents\lpcxpresso_3.4\kwartzspace1\LPC13xx_Lib\Debug\libLPC13xx_Lib.a(gpio.o)
 .ARM.attributes
                0x000000c4       0x31 C:\Documents and Settings\amackie\My Documents\lpcxpresso_3.4\kwartzspace1\LPC13xx_Lib\Debug\libLPC13xx_Lib.a(timer16.o)
 .ARM.attributes
                0x000000f5       0x31 C:\Documents and Settings\amackie\My Documents\lpcxpresso_3.4\kwartzspace1\CMSISv1p30_LPC13xx\Debug\libCMSISv1p30_LPC13xx.a(system_LPC13xx.o)
 .ARM.attributes
                0x00000126       0x31 c:/nxp/lpcxpresso_3.4/tools/bin/../lib/gcc/arm-none-eabi/4.3.3/../../../../arm-none-eabi/lib/thumb2\libcr_c.a(__weak__main.o)
 .ARM.attributes
                0x00000157       0x31 c:/nxp/lpcxpresso_3.4/tools/bin/../lib/gcc/arm-none-eabi/4.3.3/../../../../arm-none-eabi/lib/thumb2\libcr_c.a(ctype.o)
 .ARM.attributes
                0x00000188       0x31 c:/nxp/lpcxpresso_3.4/tools/bin/../lib/gcc/arm-none-eabi/4.3.3/../../../../arm-none-eabi/lib/thumb2\libcr_c.a(__init_alloc.o)
