Archive member included because of file (symbol)

/home/jlamothe/src/arduinizer/CMSISv1p30_LPC13xx/Release/libCMSISv1p30_LPC13xx.a(system_LPC13xx.o)
                              ./src/cr_startup_lpc13.o (SystemInit)
/home/jlamothe/src/arduinizer/LPC13xx_Lib/Release/libLPC13xx_Lib.a(gpio.o)
                              ./src/Arduinator.o (GPIOInit)
/home/jlamothe/src/arduinizer/LPC13xx_Lib/Release/libLPC13xx_Lib.a(uart.o)
                              ./src/Arduinator.o (UARTInit)
/usr/local/LPCXpresso/tools/bin/../lib/gcc/arm-none-eabi/4.4.1/../../../../arm-none-eabi/lib/thumb2/libcr_c.a(__weak__main.o)
                              ./src/cr_startup_lpc13.o (__main)
/usr/local/LPCXpresso/tools/bin/../lib/gcc/arm-none-eabi/4.4.1/thumb2/libcr_eabihelpers.a(float.o)
                              ./src/Arduinator.o (__aeabi_fmul)

Allocating common symbols
Common symbol       size              file

g_randomSeed        0x4               ./src/Arduinator.o
g_serialBuffer      0x80              ./src/Arduinator.o
colourMode          0x1               ./src/program.o
g_systemMicroTicks  0x4               ./src/Arduinator.o
UARTBuffer          0x40              /home/jlamothe/src/arduinizer/LPC13xx_Lib/Release/libLPC13xx_Lib.a(uart.o)
colourChange        0x4               ./src/program.o
blueTime            0x1               ./src/program.o
g_systemMacroTicks  0x4               ./src/Arduinator.o
Serial              0x20              ./src/Arduinator.o
g_serialEnd         0x4               ./src/Arduinator.o
UARTStatus          0x4               /home/jlamothe/src/arduinizer/LPC13xx_Lib/Release/libLPC13xx_Lib.a(uart.o)
g_systemMilliTicks  0x4               ./src/Arduinator.o
g_serialStart       0x4               ./src/Arduinator.o
ADCValue            0x20              ./src/Arduinator.o
redTime             0x1               ./src/program.o
greenTime           0x1               ./src/program.o

Discarded input sections

 .text          0x00000000        0x0 ./src/Arduinator.o
 .bss           0x00000000        0x4 ./src/Arduinator.o
 .text.ADCRead  0x00000000       0x28 ./src/Arduinator.o
 .text.randomSeed
                0x00000000        0xc ./src/Arduinator.o
 .text.random   0x00000000       0x20 ./src/Arduinator.o
 .text.analogRead
                0x00000000        0xa ./src/Arduinator.o
 .text.noTone   0x00000000       0x3c ./src/Arduinator.o
 .text.micros   0x00000000        0xc ./src/Arduinator.o
 .text.delay    0x00000000       0x14 ./src/Arduinator.o
 .text.min      0x00000000        0x8 ./src/Arduinator.o
 .text.max      0x00000000        0x8 ./src/Arduinator.o
 .text.abs      0x00000000        0x8 ./src/Arduinator.o
 .text.constrain
                0x00000000       0x10 ./src/Arduinator.o
 .text.map      0x00000000       0x42 ./src/Arduinator.o
 .text.digitalRead
                0x00000000       0x84 ./src/Arduinator.o
 .text.pulseIn  0x00000000       0x5c ./src/Arduinator.o
 .text.pulseIn2
                0x00000000        0x6 ./src/Arduinator.o
 .text.shiftOut
                0x00000000       0x70 ./src/Arduinator.o
 .text.pwm      0x00000000      0x1e4 ./src/Arduinator.o
 .text.tone     0x00000000        0x6 ./src/Arduinator.o
 .text.analogWrite
                0x00000000        0xa ./src/Arduinator.o
 .text.ADCInit  0x00000000       0xbc ./src/Arduinator.o
 .text          0x00000000        0x0 ./src/cr_startup_lpc13.o
 .data          0x00000000        0x0 ./src/cr_startup_lpc13.o
 .bss           0x00000000        0x0 ./src/cr_startup_lpc13.o
 .text.SysTick_Handler
                0x00000000        0x2 ./src/cr_startup_lpc13.o
 .text          0x00000000        0x0 ./src/program.o
 .data          0x00000000        0x0 ./src/program.o
 .bss           0x00000000        0x0 ./src/program.o
 .text          0x00000000        0x0 ./src/timer16_int.o
 .data          0x00000000        0x0 ./src/timer16_int.o
 .text          0x00000000        0x0 /home/jlamothe/src/arduinizer/CMSISv1p30_LPC13xx/Release/libCMSISv1p30_LPC13xx.a(system_LPC13xx.o)
 .bss           0x00000000        0x0 /home/jlamothe/src/arduinizer/CMSISv1p30_LPC13xx/Release/libCMSISv1p30_LPC13xx.a(system_LPC13xx.o)
 .text.SystemCoreClockUpdate
                0x00000000       0xb4 /home/jlamothe/src/arduinizer/CMSISv1p30_LPC13xx/Release/libCMSISv1p30_LPC13xx.a(system_LPC13xx.o)
 .rodata        0x00000000       0x40 /home/jlamothe/src/arduinizer/CMSISv1p30_LPC13xx/Release/libCMSISv1p30_LPC13xx.a(system_LPC13xx.o)
 .text          0x00000000        0x0 /home/jlamothe/src/arduinizer/LPC13xx_Lib/Release/libLPC13xx_Lib.a(gpio.o)
 .data          0x00000000        0x0 /home/jlamothe/src/arduinizer/LPC13xx_Lib/Release/libLPC13xx_Lib.a(gpio.o)
 .bss           0x00000000        0x0 /home/jlamothe/src/arduinizer/LPC13xx_Lib/Release/libLPC13xx_Lib.a(gpio.o)
 .text.GPIOSetInterrupt
                0x00000000      0x1d8 /home/jlamothe/src/arduinizer/LPC13xx_Lib/Release/libLPC13xx_Lib.a(gpio.o)
 .text.GPIOIntEnable
                0x00000000       0x64 /home/jlamothe/src/arduinizer/LPC13xx_Lib/Release/libLPC13xx_Lib.a(gpio.o)
 .text.GPIOIntDisable
                0x00000000       0x6c /home/jlamothe/src/arduinizer/LPC13xx_Lib/Release/libLPC13xx_Lib.a(gpio.o)
 .text.GPIOIntStatus
                0x00000000       0x78 /home/jlamothe/src/arduinizer/LPC13xx_Lib/Release/libLPC13xx_Lib.a(gpio.o)
 .text.GPIOIntClear
                0x00000000       0x64 /home/jlamothe/src/arduinizer/LPC13xx_Lib/Release/libLPC13xx_Lib.a(gpio.o)
 .text          0x00000000        0x0 /home/jlamothe/src/arduinizer/LPC13xx_Lib/Release/libLPC13xx_Lib.a(uart.o)
 .text          0x00000000        0x0 /usr/local/LPCXpresso/tools/bin/../lib/gcc/arm-none-eabi/4.4.1/../../../../arm-none-eabi/lib/thumb2/libcr_c.a(__weak__main.o)
 .data          0x00000000        0x0 /usr/local/LPCXpresso/tools/bin/../lib/gcc/arm-none-eabi/4.4.1/../../../../arm-none-eabi/lib/thumb2/libcr_c.a(__weak__main.o)
 .bss           0x00000000        0x0 /usr/local/LPCXpresso/tools/bin/../lib/gcc/arm-none-eabi/4.4.1/../../../../arm-none-eabi/lib/thumb2/libcr_c.a(__weak__main.o)
 .text          0x00000000        0x0 /usr/local/LPCXpresso/tools/bin/../lib/gcc/arm-none-eabi/4.4.1/thumb2/libcr_eabihelpers.a(float.o)
 .data          0x00000000        0x0 /usr/local/LPCXpresso/tools/bin/../lib/gcc/arm-none-eabi/4.4.1/thumb2/libcr_eabihelpers.a(float.o)
 .bss           0x00000000        0x0 /usr/local/LPCXpresso/tools/bin/../lib/gcc/arm-none-eabi/4.4.1/thumb2/libcr_eabihelpers.a(float.o)
 .text.__aeabi_fmul
                0x00000000       0xb8 /usr/local/LPCXpresso/tools/bin/../lib/gcc/arm-none-eabi/4.4.1/thumb2/libcr_eabihelpers.a(float.o)
 .text.__aeabi_fdiv
                0x00000000       0xf4 /usr/local/LPCXpresso/tools/bin/../lib/gcc/arm-none-eabi/4.4.1/thumb2/libcr_eabihelpers.a(float.o)
 .text.__aeabi_fneg
                0x00000000        0x6 /usr/local/LPCXpresso/tools/bin/../lib/gcc/arm-none-eabi/4.4.1/thumb2/libcr_eabihelpers.a(float.o)
 .text.__aeabi_f2iz
                0x00000000       0x34 /usr/local/LPCXpresso/tools/bin/../lib/gcc/arm-none-eabi/4.4.1/thumb2/libcr_eabihelpers.a(float.o)
 .text.__aeabi_f2uiz
                0x00000000       0x26 /usr/local/LPCXpresso/tools/bin/../lib/gcc/arm-none-eabi/4.4.1/thumb2/libcr_eabihelpers.a(float.o)
 .text.__aeabi_f2lz
                0x00000000       0x5e /usr/local/LPCXpresso/tools/bin/../lib/gcc/arm-none-eabi/4.4.1/thumb2/libcr_eabihelpers.a(float.o)
 .text.__aeabi_f2ulz
                0x00000000       0x3c /usr/local/LPCXpresso/tools/bin/../lib/gcc/arm-none-eabi/4.4.1/thumb2/libcr_eabihelpers.a(float.o)
 .text.__aeabi_f2d
                0x00000000       0x34 /usr/local/LPCXpresso/tools/bin/../lib/gcc/arm-none-eabi/4.4.1/thumb2/libcr_eabihelpers.a(float.o)
 .text.__aeabi_fcmpeq
                0x00000000       0x1e /usr/local/LPCXpresso/tools/bin/../lib/gcc/arm-none-eabi/4.4.1/thumb2/libcr_eabihelpers.a(float.o)
 .text.__aeabi_fcmplt
                0x00000000       0x3c /usr/local/LPCXpresso/tools/bin/../lib/gcc/arm-none-eabi/4.4.1/thumb2/libcr_eabihelpers.a(float.o)
 .text.__aeabi_fcmpgt
                0x00000000       0x3c /usr/local/LPCXpresso/tools/bin/../lib/gcc/arm-none-eabi/4.4.1/thumb2/libcr_eabihelpers.a(float.o)
 .text.__aeabi_fcmple
                0x00000000       0x40 /usr/local/LPCXpresso/tools/bin/../lib/gcc/arm-none-eabi/4.4.1/thumb2/libcr_eabihelpers.a(float.o)
 .text.__aeabi_fcmpge
                0x00000000       0x40 /usr/local/LPCXpresso/tools/bin/../lib/gcc/arm-none-eabi/4.4.1/thumb2/libcr_eabihelpers.a(float.o)
 .text.__aeabi_fcmpun
                0x00000000       0x1a /usr/local/LPCXpresso/tools/bin/../lib/gcc/arm-none-eabi/4.4.1/thumb2/libcr_eabihelpers.a(float.o)
 .text.__aeabi_cfcmple
                0x00000000       0x24 /usr/local/LPCXpresso/tools/bin/../lib/gcc/arm-none-eabi/4.4.1/thumb2/libcr_eabihelpers.a(float.o)
 .text.__aeabi_cfrcmple
                0x00000000        0xa /usr/local/LPCXpresso/tools/bin/../lib/gcc/arm-none-eabi/4.4.1/thumb2/libcr_eabihelpers.a(float.o)
 .text.__bhs_ul2f
                0x00000000       0x4a /usr/local/LPCXpresso/tools/bin/../lib/gcc/arm-none-eabi/4.4.1/thumb2/libcr_eabihelpers.a(float.o)
 .text.__aeabi_ul2f
                0x00000000        0x8 /usr/local/LPCXpresso/tools/bin/../lib/gcc/arm-none-eabi/4.4.1/thumb2/libcr_eabihelpers.a(float.o)
 .text.__aeabi_l2f
                0x00000000       0x16 /usr/local/LPCXpresso/tools/bin/../lib/gcc/arm-none-eabi/4.4.1/thumb2/libcr_eabihelpers.a(float.o)
 .text.__bhs_ui2f
                0x00000000       0x26 /usr/local/LPCXpresso/tools/bin/../lib/gcc/arm-none-eabi/4.4.1/thumb2/libcr_eabihelpers.a(float.o)
 .text.__aeabi_ui2f
                0x00000000        0x8 /usr/local/LPCXpresso/tools/bin/../lib/gcc/arm-none-eabi/4.4.1/thumb2/libcr_eabihelpers.a(float.o)
 .text.__aeabi_i2f
                0x00000000       0x10 /usr/local/LPCXpresso/tools/bin/../lib/gcc/arm-none-eabi/4.4.1/thumb2/libcr_eabihelpers.a(float.o)
 .text.__aeabi_fsub
                0x00000000       0xf0 /usr/local/LPCXpresso/tools/bin/../lib/gcc/arm-none-eabi/4.4.1/thumb2/libcr_eabihelpers.a(float.o)
 .text.__aeabi_frsub
                0x00000000        0xc /usr/local/LPCXpresso/tools/bin/../lib/gcc/arm-none-eabi/4.4.1/thumb2/libcr_eabihelpers.a(float.o)
 .text.__aeabi_fadd
                0x00000000       0xb8 /usr/local/LPCXpresso/tools/bin/../lib/gcc/arm-none-eabi/4.4.1/thumb2/libcr_eabihelpers.a(float.o)

Memory Configuration

Name             Origin             Length             Attributes
MFlash32         0x00000000         0x00008000         xr
RamLoc8          0x10000000         0x00002000         xrw
*default*        0x00000000         0xffffffff

Linker script and memory map

LOAD ./src/Arduinator.o
LOAD ./src/cr_startup_lpc13.o
LOAD ./src/program.o
LOAD ./src/timer16_int.o
LOAD /home/jlamothe/src/arduinizer/CMSISv1p30_LPC13xx/Release/libCMSISv1p30_LPC13xx.a
LOAD /home/jlamothe/src/arduinizer/LPC13xx_Lib/Release/libLPC13xx_Lib.a
START GROUP
LOAD /usr/local/LPCXpresso/tools/bin/../lib/gcc/arm-none-eabi/4.4.1/../../../../arm-none-eabi/lib/thumb2/libcr_c.a
LOAD /usr/local/LPCXpresso/tools/bin/../lib/gcc/arm-none-eabi/4.4.1/thumb2/libcr_eabihelpers.a
END GROUP
                0x00008000                __top_MFlash32 = 0x8000
                0x10002000                __top_RamLoc8 = 0x10002000

.text           0x00000000      0xa77
 *(.isr_vector)
 .isr_vector    0x00000000      0x124 ./src/cr_startup_lpc13.o
                0x00000000                g_pfnVectors
 *(.text*)
 .text.SysTick_Handler
                0x00000124       0x3c ./src/Arduinator.o
                0x00000124                SysTick_Handler
 .text.millis   0x00000160        0xc ./src/Arduinator.o
                0x00000160                millis
 .text.delayMicroseconds
                0x0000016c       0x14 ./src/Arduinator.o
                0x0000016c                delayMicroseconds
 .text.strlen   0x00000180       0x10 ./src/Arduinator.o
                0x00000180                strlen
 .text.serialEnd
                0x00000190        0x2 ./src/Arduinator.o
                0x00000190                serialEnd
 *fill*         0x00000192        0x2 00
 .text.serialAvailable
                0x00000194       0x20 ./src/Arduinator.o
                0x00000194                serialAvailable
 .text.serialRead
                0x000001b4       0x30 ./src/Arduinator.o
                0x000001b4                serialRead
 .text.serialFlush
                0x000001e4       0x18 ./src/Arduinator.o
                0x000001e4                serialFlush
 .text.initSerial
                0x000001fc       0x60 ./src/Arduinator.o
                0x000001fc                initSerial
 .text.serialWrite
                0x0000025c       0x14 ./src/Arduinator.o
                0x0000025c                serialWrite
 .text.serialPrintln
                0x00000270       0x14 ./src/Arduinator.o
                0x00000270                serialPrintln
 .text.serialPrint
                0x00000284       0xba ./src/Arduinator.o
                0x00000284                serialPrint
 .text.serialBegin
                0x0000033e        0x4 ./src/Arduinator.o
                0x0000033e                serialBegin
 *fill*         0x00000342        0x2 00
 .text.pinMode  0x00000344       0x7c ./src/Arduinator.o
                0x00000344                pinMode
 .text.digitalWrite
                0x000003c0       0x34 ./src/Arduinator.o
                0x000003c0                digitalWrite
 .text.main     0x000003f4       0x78 ./src/Arduinator.o
                0x000003f4                main
 .text.NMI_Handler
                0x0000046c        0x2 ./src/cr_startup_lpc13.o
                0x0000046c                NMI_Handler
 .text.HardFault_Handler
                0x0000046e        0x2 ./src/cr_startup_lpc13.o
                0x0000046e                HardFault_Handler
 .text.MemManage_Handler
                0x00000470        0x2 ./src/cr_startup_lpc13.o
                0x00000470                MemManage_Handler
 .text.BusFault_Handler
                0x00000472        0x2 ./src/cr_startup_lpc13.o
                0x00000472                BusFault_Handler
 .text.UsageFault_Handler
                0x00000474        0x2 ./src/cr_startup_lpc13.o
                0x00000474                UsageFault_Handler
 .text.SVCall_Handler
                0x00000476        0x2 ./src/cr_startup_lpc13.o
                0x00000476                SVCall_Handler
 .text.DebugMon_Handler
                0x00000478        0x2 ./src/cr_startup_lpc13.o
                0x00000478                DebugMon_Handler
 .text.PendSV_Handler
                0x0000047a        0x2 ./src/cr_startup_lpc13.o
                0x0000047a                PendSV_Handler
 .text.IntDefaultHandler
                0x0000047c        0x2 ./src/cr_startup_lpc13.o
                0x0000047c                TIMER32_0_IRQHandler
                0x0000047c                TIMER32_1_IRQHandler
                0x0000047c                IntDefaultHandler
                0x0000047c                PIOINT1_IRQHandler
                0x0000047c                SSP_IRQHandler
                0x0000047c                USB_FIQHandler
                0x0000047c                ADC_IRQHandler
                0x0000047c                PIOINT2_IRQHandler
                0x0000047c                USB_IRQHandler
                0x0000047c                BOD_IRQHandler
                0x0000047c                WAKEUP_IRQHandler
                0x0000047c                PIOINT0_IRQHandler
                0x0000047c                I2C_IRQHandler
                0x0000047c                WDT_IRQHandler
                0x0000047c                PIOINT3_IRQHandler
                0x0000047c                FMC_IRQHandler
 *fill*         0x0000047e        0x2 00
 .text.ResetISR
                0x00000480       0x48 ./src/cr_startup_lpc13.o
                0x00000480                ResetISR
 .text.setup    0x000004c8       0x70 ./src/program.o
                0x000004c8                setup
 .text.setColourMode
                0x00000538       0x64 ./src/program.o
                0x00000538                setColourMode
 .text.pulse    0x0000059c       0x58 ./src/program.o
                0x0000059c                pulse
 .text.loop     0x000005f4       0x3c ./src/program.o
                0x000005f4                loop
 .text.TIMER16_0_IRQHandler
                0x00000630       0x18 ./src/timer16_int.o
                0x00000630                TIMER16_0_IRQHandler
 .text.TIMER16_1_IRQHandler
                0x00000648       0x18 ./src/timer16_int.o
                0x00000648                TIMER16_1_IRQHandler
 .text.SystemInit
                0x00000660       0xbc /home/jlamothe/src/arduinizer/CMSISv1p30_LPC13xx/Release/libCMSISv1p30_LPC13xx.a(system_LPC13xx.o)
                0x00000660                SystemInit
 .text.GPIOInit
                0x0000071c       0x38 /home/jlamothe/src/arduinizer/LPC13xx_Lib/Release/libLPC13xx_Lib.a(gpio.o)
                0x0000071c                GPIOInit
 .text.GPIOSetDir
                0x00000754       0xcc /home/jlamothe/src/arduinizer/LPC13xx_Lib/Release/libLPC13xx_Lib.a(gpio.o)
                0x00000754                GPIOSetDir
 .text.GPIOSetValue
                0x00000820       0x68 /home/jlamothe/src/arduinizer/LPC13xx_Lib/Release/libLPC13xx_Lib.a(gpio.o)
                0x00000820                GPIOSetValue
 .text.UART_IRQHandler
                0x00000888       0xc8 /home/jlamothe/src/arduinizer/LPC13xx_Lib/Release/libLPC13xx_Lib.a(uart.o)
                0x00000888                UART_IRQHandler
 .text.UARTInit
                0x00000950       0xf8 /home/jlamothe/src/arduinizer/LPC13xx_Lib/Release/libLPC13xx_Lib.a(uart.o)
                0x00000950                UARTInit
 .text.UARTSend
                0x00000a48       0x28 /home/jlamothe/src/arduinizer/LPC13xx_Lib/Release/libLPC13xx_Lib.a(uart.o)
                0x00000a48                UARTSend
 .text.__weak_main
                0x00000a70        0x4 /usr/local/LPCXpresso/tools/bin/../lib/gcc/arm-none-eabi/4.4.1/../../../../arm-none-eabi/lib/thumb2/libcr_c.a(__weak__main.o)
                0x00000a70                __main
                0x00000a70                __weak_main
 *(.rodata*)
 .rodata.str1.1
                0x00000a74        0x3 ./src/Arduinator.o

.glue_7         0x00000a78        0x0 load address 0x00000a77
 .glue_7        0x00000000        0x0 linker stubs

.glue_7t        0x00000a78        0x0 load address 0x00000a77
 .glue_7t       0x00000000        0x0 linker stubs

.vfp11_veneer   0x00000a78        0x0 load address 0x00000a77
 .vfp11_veneer  0x00000000        0x0 linker stubs

.v4_bx          0x00000a78        0x0 load address 0x00000a77
 .v4_bx         0x00000000        0x0 linker stubs

.ARM.extab
 *(.ARM.extab* .gnu.linkonce.armextab.*)
                0x00000a78                __exidx_start = .

.ARM.exidx
 *(.ARM.exidx* .gnu.linkonce.armexidx.*)
                0x00000a78                __exidx_end = .
                0x00000a78                _etext = .

.data           0x10000000       0x7d load address 0x00000a77
                0x10000000                _data = .
 *(vtable)
 *(.data*)
 .data          0x10000000       0x78 ./src/Arduinator.o
                0x10000000                AM_Pins
 .data          0x10000078        0x4 /home/jlamothe/src/arduinizer/CMSISv1p30_LPC13xx/Release/libCMSISv1p30_LPC13xx.a(system_LPC13xx.o)
                0x10000078                SystemCoreClock
 .data          0x1000007c        0x1 /home/jlamothe/src/arduinizer/LPC13xx_Lib/Release/libLPC13xx_Lib.a(uart.o)
                0x1000007c                UARTTxEmpty
                0x1000007d                _edata = .

.bss            0x10000080      0x134 load address 0x00000af4
                0x10000080                _bss = .
 *(.bss*)
 .bss           0x10000080        0x8 ./src/timer16_int.o
                0x10000080                timer16_0_counter
                0x10000084                timer16_1_counter
 .bss           0x10000088        0x4 /home/jlamothe/src/arduinizer/LPC13xx_Lib/Release/libLPC13xx_Lib.a(uart.o)
                0x10000088                UARTCount
 *(COMMON)
 COMMON         0x1000008c       0xd8 ./src/Arduinator.o
                0x1000008c                g_randomSeed
                0x10000090                g_serialBuffer
                0x10000110                g_systemMicroTicks
                0x10000114                g_systemMacroTicks
                0x10000118                Serial
                0x10000138                g_serialEnd
                0x1000013c                g_systemMilliTicks
                0x10000140                g_serialStart
                0x10000144                ADCValue
 COMMON         0x10000164        0xb ./src/program.o
                0x10000164                colourMode
                0x10000168                colourChange
                0x1000016c                blueTime
                0x1000016d                redTime
                0x1000016e                greenTime
 *fill*         0x1000016f        0x1 00
 COMMON         0x10000170       0x44 /home/jlamothe/src/arduinizer/LPC13xx_Lib/Release/libLPC13xx_Lib.a(uart.o)
                0x10000170                UARTBuffer
                0x100001b0                UARTStatus
                0x100001b4                _ebss = .

.cr_heap        0x100001b4        0x0 load address 0x00000af4
                0x100001b4                end = .
                0x100001b4                _pvHeapStart = .
                0x10002000                _vRamTop = __top_RamLoc8
                0x10002000                _vStackTop = (_vRamTop - 0x0)
OUTPUT(Arduinizer.axf elf32-littlearm)

.debug_abbrev   0x00000000      0xc0f
 .debug_abbrev  0x00000000      0x480 ./src/Arduinator.o
 .debug_abbrev  0x00000480       0xbb ./src/cr_startup_lpc13.o
 .debug_abbrev  0x0000053b      0x132 ./src/program.o
 .debug_abbrev  0x0000066d       0xc6 ./src/timer16_int.o
 .debug_abbrev  0x00000733       0xf3 /home/jlamothe/src/arduinizer/CMSISv1p30_LPC13xx/Release/libCMSISv1p30_LPC13xx.a(system_LPC13xx.o)
 .debug_abbrev  0x00000826      0x1f5 /home/jlamothe/src/arduinizer/LPC13xx_Lib/Release/libLPC13xx_Lib.a(gpio.o)
 .debug_abbrev  0x00000a1b      0x1f4 /home/jlamothe/src/arduinizer/LPC13xx_Lib/Release/libLPC13xx_Lib.a(uart.o)

.debug_info     0x00000000     0x4030
 .debug_info    0x00000000     0x1b96 ./src/Arduinator.o
 .debug_info    0x00001b96      0x1cb ./src/cr_startup_lpc13.o
 .debug_info    0x00001d61      0x2ee ./src/program.o
 .debug_info    0x0000204f      0x20e ./src/timer16_int.o
 .debug_info    0x0000225d      0x550 /home/jlamothe/src/arduinizer/CMSISv1p30_LPC13xx/Release/libCMSISv1p30_LPC13xx.a(system_LPC13xx.o)
 .debug_info    0x000027ad      0xb36 /home/jlamothe/src/arduinizer/LPC13xx_Lib/Release/libLPC13xx_Lib.a(gpio.o)
 .debug_info    0x000032e3      0xd4d /home/jlamothe/src/arduinizer/LPC13xx_Lib/Release/libLPC13xx_Lib.a(uart.o)

.debug_line     0x00000000     0x13a9
 .debug_line    0x00000000      0x749 ./src/Arduinator.o
 .debug_line    0x00000749      0x1ac ./src/cr_startup_lpc13.o
 .debug_line    0x000008f5      0x374 ./src/program.o
 .debug_line    0x00000c69      0x166 ./src/timer16_int.o
 .debug_line    0x00000dcf      0x16d /home/jlamothe/src/arduinizer/CMSISv1p30_LPC13xx/Release/libCMSISv1p30_LPC13xx.a(system_LPC13xx.o)
 .debug_line    0x00000f3c      0x25d /home/jlamothe/src/arduinizer/LPC13xx_Lib/Release/libLPC13xx_Lib.a(gpio.o)
 .debug_line    0x00001199      0x210 /home/jlamothe/src/arduinizer/LPC13xx_Lib/Release/libLPC13xx_Lib.a(uart.o)

.debug_macinfo  0x00000000    0x243a0
 .debug_macinfo
                0x00000000     0x79a0 ./src/Arduinator.o
 .debug_macinfo
                0x000079a0     0x15b7 ./src/cr_startup_lpc13.o
 .debug_macinfo
                0x00008f57     0x7677 ./src/program.o
 .debug_macinfo
                0x000105ce     0x4e29 ./src/timer16_int.o
 .debug_macinfo
                0x000153f7     0x5194 /home/jlamothe/src/arduinizer/CMSISv1p30_LPC13xx/Release/libCMSISv1p30_LPC13xx.a(system_LPC13xx.o)
 .debug_macinfo
                0x0001a58b     0x4e38 /home/jlamothe/src/arduinizer/LPC13xx_Lib/Release/libLPC13xx_Lib.a(gpio.o)
 .debug_macinfo
                0x0001f3c3     0x4fdd /home/jlamothe/src/arduinizer/LPC13xx_Lib/Release/libLPC13xx_Lib.a(uart.o)

.debug_loc      0x00000000      0xf0d
 .debug_loc     0x00000000      0x7e3 ./src/Arduinator.o
 .debug_loc     0x000007e3       0x1f ./src/cr_startup_lpc13.o
 .debug_loc     0x00000802       0x9a ./src/program.o
 .debug_loc     0x0000089c       0x52 /home/jlamothe/src/arduinizer/CMSISv1p30_LPC13xx/Release/libCMSISv1p30_LPC13xx.a(system_LPC13xx.o)
 .debug_loc     0x000008ee      0x50c /home/jlamothe/src/arduinizer/LPC13xx_Lib/Release/libLPC13xx_Lib.a(gpio.o)
 .debug_loc     0x00000dfa      0x113 /home/jlamothe/src/arduinizer/LPC13xx_Lib/Release/libLPC13xx_Lib.a(uart.o)

.debug_pubnames
                0x00000000      0x615
 .debug_pubnames
                0x00000000      0x2ae ./src/Arduinator.o
 .debug_pubnames
                0x000002ae       0xfd ./src/cr_startup_lpc13.o
 .debug_pubnames
                0x000003ab       0x93 ./src/program.o
 .debug_pubnames
                0x0000043e       0x70 ./src/timer16_int.o
 .debug_pubnames
                0x000004ae       0x4f /home/jlamothe/src/arduinizer/CMSISv1p30_LPC13xx/Release/libCMSISv1p30_LPC13xx.a(system_LPC13xx.o)
 .debug_pubnames
                0x000004fd       0x9c /home/jlamothe/src/arduinizer/LPC13xx_Lib/Release/libLPC13xx_Lib.a(gpio.o)
 .debug_pubnames
                0x00000599       0x7c /home/jlamothe/src/arduinizer/LPC13xx_Lib/Release/libLPC13xx_Lib.a(uart.o)

.debug_aranges  0x00000000      0x2b8
 .debug_aranges
                0x00000000      0x138 ./src/Arduinator.o
 .debug_aranges
                0x00000138       0x70 ./src/cr_startup_lpc13.o
 .debug_aranges
                0x000001a8       0x38 ./src/program.o
 .debug_aranges
                0x000001e0       0x28 ./src/timer16_int.o
 .debug_aranges
                0x00000208       0x28 /home/jlamothe/src/arduinizer/CMSISv1p30_LPC13xx/Release/libCMSISv1p30_LPC13xx.a(system_LPC13xx.o)
 .debug_aranges
                0x00000230       0x58 /home/jlamothe/src/arduinizer/LPC13xx_Lib/Release/libLPC13xx_Lib.a(gpio.o)
 .debug_aranges
                0x00000288       0x30 /home/jlamothe/src/arduinizer/LPC13xx_Lib/Release/libLPC13xx_Lib.a(uart.o)

.debug_ranges   0x00000000      0x3d8
 .debug_ranges  0x00000000      0x1e0 ./src/Arduinator.o
 .debug_ranges  0x000001e0       0x68 ./src/cr_startup_lpc13.o
 .debug_ranges  0x00000248       0x30 ./src/program.o
 .debug_ranges  0x00000278       0x20 ./src/timer16_int.o
 .debug_ranges  0x00000298       0x20 /home/jlamothe/src/arduinizer/CMSISv1p30_LPC13xx/Release/libCMSISv1p30_LPC13xx.a(system_LPC13xx.o)
 .debug_ranges  0x000002b8       0xb0 /home/jlamothe/src/arduinizer/LPC13xx_Lib/Release/libLPC13xx_Lib.a(gpio.o)
 .debug_ranges  0x00000368       0x70 /home/jlamothe/src/arduinizer/LPC13xx_Lib/Release/libLPC13xx_Lib.a(uart.o)

.debug_str      0x00000000     0x101e
 .debug_str     0x00000000      0xc44 ./src/Arduinator.o
                                0xd1d (size before relaxing)
 .debug_str     0x00000c44       0xe8 ./src/cr_startup_lpc13.o
                                0x1b9 (size before relaxing)
 .debug_str     0x00000d2c       0x6d ./src/program.o
                                0x206 (size before relaxing)
 .debug_str     0x00000d99       0x63 ./src/timer16_int.o
                                0x158 (size before relaxing)
 .debug_str     0x00000dfc       0x80 /home/jlamothe/src/arduinizer/CMSISv1p30_LPC13xx/Release/libCMSISv1p30_LPC13xx.a(system_LPC13xx.o)
                                0x3e4 (size before relaxing)
 .debug_str     0x00000e7c       0xdb /home/jlamothe/src/arduinizer/LPC13xx_Lib/Release/libLPC13xx_Lib.a(gpio.o)
                                0x7e9 (size before relaxing)
 .debug_str     0x00000f57       0xc7 /home/jlamothe/src/arduinizer/LPC13xx_Lib/Release/libLPC13xx_Lib.a(uart.o)
                                0x97d (size before relaxing)

.comment        0x00000000      0x183
 .comment       0x00000000       0x2b ./src/Arduinator.o
 .comment       0x0000002b       0x2b ./src/cr_startup_lpc13.o
 .comment       0x00000056       0x2b ./src/program.o
 .comment       0x00000081       0x2b ./src/timer16_int.o
 .comment       0x000000ac       0x2b /home/jlamothe/src/arduinizer/CMSISv1p30_LPC13xx/Release/libCMSISv1p30_LPC13xx.a(system_LPC13xx.o)
 .comment       0x000000d7       0x2b /home/jlamothe/src/arduinizer/LPC13xx_Lib/Release/libLPC13xx_Lib.a(gpio.o)
 .comment       0x00000102       0x2b /home/jlamothe/src/arduinizer/LPC13xx_Lib/Release/libLPC13xx_Lib.a(uart.o)
 .comment       0x0000012d       0x2b /usr/local/LPCXpresso/tools/bin/../lib/gcc/arm-none-eabi/4.4.1/../../../../arm-none-eabi/lib/thumb2/libcr_c.a(__weak__main.o)
 .comment       0x00000158       0x2b /usr/local/LPCXpresso/tools/bin/../lib/gcc/arm-none-eabi/4.4.1/thumb2/libcr_eabihelpers.a(float.o)

.ARM.attributes
                0x00000000       0x31
 .ARM.attributes
                0x00000000       0x31 ./src/Arduinator.o
 .ARM.attributes
                0x00000031       0x31 ./src/cr_startup_lpc13.o
 .ARM.attributes
                0x00000062       0x31 ./src/program.o
 .ARM.attributes
                0x00000093       0x31 ./src/timer16_int.o
 .ARM.attributes
                0x000000c4       0x31 /home/jlamothe/src/arduinizer/CMSISv1p30_LPC13xx/Release/libCMSISv1p30_LPC13xx.a(system_LPC13xx.o)
 .ARM.attributes
                0x000000f5       0x31 /home/jlamothe/src/arduinizer/LPC13xx_Lib/Release/libLPC13xx_Lib.a(gpio.o)
 .ARM.attributes
                0x00000126       0x31 /home/jlamothe/src/arduinizer/LPC13xx_Lib/Release/libLPC13xx_Lib.a(uart.o)
 .ARM.attributes
                0x00000157       0x31 /usr/local/LPCXpresso/tools/bin/../lib/gcc/arm-none-eabi/4.4.1/../../../../arm-none-eabi/lib/thumb2/libcr_c.a(__weak__main.o)
 .ARM.attributes
                0x00000188       0x31 /usr/local/LPCXpresso/tools/bin/../lib/gcc/arm-none-eabi/4.4.1/thumb2/libcr_eabihelpers.a(float.o)

.debug_frame    0x00000000      0x55c
 .debug_frame   0x00000000      0x2d8 ./src/Arduinator.o
 .debug_frame   0x000002d8       0xc8 ./src/cr_startup_lpc13.o
 .debug_frame   0x000003a0       0x74 ./src/program.o
 .debug_frame   0x00000414       0x30 ./src/timer16_int.o
 .debug_frame   0x00000444       0x30 /home/jlamothe/src/arduinizer/CMSISv1p30_LPC13xx/Release/libCMSISv1p30_LPC13xx.a(system_LPC13xx.o)
 .debug_frame   0x00000474       0x98 /home/jlamothe/src/arduinizer/LPC13xx_Lib/Release/libLPC13xx_Lib.a(gpio.o)
 .debug_frame   0x0000050c       0x50 /home/jlamothe/src/arduinizer/LPC13xx_Lib/Release/libLPC13xx_Lib.a(uart.o)
